// Jest Snapshot v1, https://goo.gl/fbAQLP

exports[`should correctly render LoginPage 1`] = `
<div
  className="box-layout"
>
  <div
    className="box-layout__box"
  >
    <h1
      className="box-layout__title"
    >
      Expensify
    </h1>
    <p>
      Keep track of your expenses
    </p>
    <form
      className="form"
      id="emailLogin"
      onSubmit={[Function]}
    >
      <input
        autoFocus={true}
        className="text-input"
        onChange={[Function]}
        placeholder="Email"
        type="text"
        value=""
      />
      <input
        autoFocus={true}
        className="text-input"
        onChange={[Function]}
        placeholder="Password"
        type="password"
        value=""
      />
      <div>
        <button
          className="button"
        >
          Login
        </button>
      </div>
      <div>
        <Link
          className="button--forgotpw button--link"
          replace={false}
          to="/reset-pw"
        >
          Forgot Password?
        </Link>
      </div>
    </form>
    <p>
      or login with
    </p>
    <button
      className="button-round"
      id="googleLogin"
      onClick={[Function]}
    >
      <img
        src="https://img.icons8.com/color/48/000000/google-logo.png"
      />
    </button>
    <Link
      className="button button-text button--link"
      replace={false}
      to="/sign-up"
    >
      Don't have an account? Sign Up
    </Link>
  </div>
</div>
`;
